// Jest Snapshot v1, https://goo.gl/fbAQLP

exports[`norska-html compile simple files index.html 1`] = `"<p>foo</p>"`;

exports[`norska-html compile simple files should contain data from _data.json 1`] = `"<p>baz</p>"`;

exports[`norska-html compile simple files subdir/deep/index.html 1`] = `"<p>foo</p>"`;

exports[`norska-html compile simple files subdir/index.html 1`] = `"<p>foo</p>"`;

exports[`norska-html compile urls should have url.here in root 1`] = `"<p>/index.html</p>"`;

exports[`norska-html compile urls should have url.here in subfolders  1`] = `"<p>/deep/down/index.html</p>"`;

exports[`norska-html compile with layout absolute from root 1`] = `"<p>layout</p>"`;

exports[`norska-html compile with layout absolute from subroot 1`] = `"<p>layout</p>"`;

exports[`norska-html compile with layout relative from root 1`] = `"<p>layout</p>"`;

exports[`norska-html compile with layout relative from subroot 1`] = `"<p>layout</p>"`;

exports[`norska-html watch _data.json should run everything when _data.json is created 1`] = `"<p>bar</p>"`;

exports[`norska-html watch _data.json should run everything when _data.json is modified 1`] = `"<p>bar</p>"`;

exports[`norska-html watch includes should run everything when an included file is added 1`] = `"<p>foo</p>"`;

exports[`norska-html watch includes should run everything when an included file is modified 1`] = `"<p>bar</p>"`;

exports[`norska-html watch individual files should compile individual pug files when created 1`] = `"<p>foo</p>"`;

exports[`norska-html watch individual files should recompile individual pug files when changed 1`] = `"<p>bar</p>"`;
