// Jest Snapshot v1, https://goo.gl/fbAQLP

exports[`norska-css run in development should compile the input file 1`] = `
"/*! This is a special comment that should be removed in production */
/* @import statements should be included inline */
.context { background: blue; }
/* nested syntax should be flatten inline */
.context b {
    /* Autoprefixer should add vendor-prefixes in production */
    user-select: none;
  }
/* This class is not available in the html, so should be removed in the
 * production build */
.not-present { color: red; }"
`;

exports[`norska-css run in production should compile the input file 1`] = `".context{background:#00f}.context b{-webkit-user-select:none;-moz-user-select:none;-ms-user-select:none;user-select:none}"`;
