// Jest Snapshot v1, https://goo.gl/fbAQLP

exports[`norska-css watch should compile the input file when it is created 1`] = `
"body { background-color: red;
}"
`;

exports[`norska-css watch should recompile the input file whenever an included file is changed 1`] = `
"b { color: red;
}"
`;

exports[`norska-css watch should recompile the input file whenever it is changed 1`] = `
"body { background-color: red;
}"
`;
